MPLINK 4.49, Linker
Linker Map File - Created Sat Sep 19 15:59:38 2020

                                 Section Info
                  Section       Type    Address   Location Size(Bytes)
                ---------  ---------  ---------  ---------  ---------
                   .org_0       code   0x000000    program   0x000000
                   .org_1       code   0x000000    program   0x000002
                   .org_2       code   0x000004    program   0x000038
  .config_2007_BLINK05S.O       code   0x002007    program   0x000002



                              Program Memory Usage 
                               Start         End      
                           ---------   ---------      
                            0x000000    0x000000      
                            0x000004    0x00001f      
                            0x002007    0x002007      
            30 out of 1094 program addresses used, program memory utilization is 2%



                              Symbols - Sorted by Name
                     Name    Address   Location    Storage File                     
                ---------  ---------  ---------  --------- ---------                
                     aux1   0x000012    program     static C:\Users\Public\Documents\Projetos\PIC\BLINK LED (C1)\BLINK05s.asm
                     aux2   0x000014    program     static C:\Users\Public\Documents\Projetos\PIC\BLINK LED (C1)\BLINK05s.asm
               delay500ms   0x000010    program     static C:\Users\Public\Documents\Projetos\PIC\BLINK LED (C1)\BLINK05s.asm
                   inicio   0x000005    program     static C:\Users\Public\Documents\Projetos\PIC\BLINK LED (C1)\BLINK05s.asm
                     loop   0x00000b    program     static C:\Users\Public\Documents\Projetos\PIC\BLINK LED (C1)\BLINK05s.asm



                              Symbols - Sorted by Address
                     Name    Address   Location    Storage File                     
                ---------  ---------  ---------  --------- ---------                
                   inicio   0x000005    program     static C:\Users\Public\Documents\Projetos\PIC\BLINK LED (C1)\BLINK05s.asm
                     loop   0x00000b    program     static C:\Users\Public\Documents\Projetos\PIC\BLINK LED (C1)\BLINK05s.asm
               delay500ms   0x000010    program     static C:\Users\Public\Documents\Projetos\PIC\BLINK LED (C1)\BLINK05s.asm
                     aux1   0x000012    program     static C:\Users\Public\Documents\Projetos\PIC\BLINK LED (C1)\BLINK05s.asm
                     aux2   0x000014    program     static C:\Users\Public\Documents\Projetos\PIC\BLINK LED (C1)\BLINK05s.asm


