MPLINK 4.49, Linker
Linker Map File - Created Thu Sep 24 19:25:31 2020

                                 Section Info
                  Section       Type    Address   Location Size(Bytes)
                ---------  ---------  ---------  ---------  ---------
                   .org_0       code   0x000000    program   0x000002
                   .cinit    romdata   0x000001    program   0x000004
                   .org_1       code   0x000004    program   0x000036
      .config_2007_PIC2.O       code   0x002007    program   0x000002



                              Program Memory Usage 
                               Start         End      
                           ---------   ---------      
                            0x000000    0x000002      
                            0x000004    0x00001e      
                            0x002007    0x002007      
            31 out of 1094 program addresses used, program memory utilization is 2%



                              Symbols - Sorted by Name
                     Name    Address   Location    Storage File                     
                ---------  ---------  ---------  --------- ---------                
                      aux   0x000014    program     static C:\Users\Public\Documents\Projetos\Projetos leonardo\Blink 0.5s\PIC\BLINK LED (C2)\PIC2.asm
                     aux1   0x000019    program     static C:\Users\Public\Documents\Projetos\Projetos leonardo\Blink 0.5s\PIC\BLINK LED (C2)\PIC2.asm
                 auxGeral   0x000012    program     static C:\Users\Public\Documents\Projetos\Projetos leonardo\Blink 0.5s\PIC\BLINK LED (C2)\PIC2.asm
               delay500ms   0x000010    program     static C:\Users\Public\Documents\Projetos\Projetos leonardo\Blink 0.5s\PIC\BLINK LED (C2)\PIC2.asm
                   inicio   0x000005    program     static C:\Users\Public\Documents\Projetos\Projetos leonardo\Blink 0.5s\PIC\BLINK LED (C2)\PIC2.asm
                     loop   0x00000b    program     static C:\Users\Public\Documents\Projetos\Projetos leonardo\Blink 0.5s\PIC\BLINK LED (C2)\PIC2.asm



                              Symbols - Sorted by Address
                     Name    Address   Location    Storage File                     
                ---------  ---------  ---------  --------- ---------                
                   inicio   0x000005    program     static C:\Users\Public\Documents\Projetos\Projetos leonardo\Blink 0.5s\PIC\BLINK LED (C2)\PIC2.asm
                     loop   0x00000b    program     static C:\Users\Public\Documents\Projetos\Projetos leonardo\Blink 0.5s\PIC\BLINK LED (C2)\PIC2.asm
               delay500ms   0x000010    program     static C:\Users\Public\Documents\Projetos\Projetos leonardo\Blink 0.5s\PIC\BLINK LED (C2)\PIC2.asm
                 auxGeral   0x000012    program     static C:\Users\Public\Documents\Projetos\Projetos leonardo\Blink 0.5s\PIC\BLINK LED (C2)\PIC2.asm
                      aux   0x000014    program     static C:\Users\Public\Documents\Projetos\Projetos leonardo\Blink 0.5s\PIC\BLINK LED (C2)\PIC2.asm
                     aux1   0x000019    program     static C:\Users\Public\Documents\Projetos\Projetos leonardo\Blink 0.5s\PIC\BLINK LED (C2)\PIC2.asm


