MPASM  5.51                          PIC2.ASM   9-24-2020  19:25:29         PAGE  1


LOC  OBJECT CODE     LINE SOURCE TEXT
  VALUE

                      00001 ; LEDs ligados no modo current sourcing:
                      00002 ;
                      00003 ; '0' - apaga
                      00004 ; '1' - acende
                      00005 ;
                      00006 ; Cálculo do Ciclo de Máquina:
                      00007 ;
                      00008 ; Ciclo de máquina = 1/(Freq Cristal / 4) = 1us
                      00009 ;
                      00010 ;  
                      00011 ;  
                      00012 ;
                      00013 
                      00014 
                      00015  list           p=16f84A                                                        ; microcontrolador utili
                            zado PIC16F84A
                      00016   
                      00017   
                      00018 ; --- Arquivos incluídos no projeto ---
                      00019  #include <p16f84a.inc>                                                 ; inclui o arquivo do PIC16F84A 
                             
                      00001         LIST
                      00002 
                      00003 ;==========================================================================
                      00004 ;  MPASM PIC16F84A processor include
                      00005 ; 
                      00006 ;  (c) Copyright 1999-2013 Microchip Technology, All rights reserved
                      00007 ;==========================================================================
                      00008 
                      00208         LIST
                      00020   
                      00021   
                      00022 ; --- FUSE Bits ---
                      00023 ; Cristal oscilador externo 4MHz, sem watchdog timer, com power up timer, sem proteção do código
2007   3FF1           00024  __config _XT_OSC & _WDT_OFF & _PWRTE_ON & _CP_OFF
                      00025         
                      00026 
                      00027 ; --- Paginação de Memória ---
                      00028  #define                bank0           bcf     STATUS,RP0              ;Cria um mnemônico para o banco
                             0 de memória
                      00029  #define                bank1           bsf STATUS,RP0          ;Cria um mnemônico para o banco 1 de me
                            mória
                      00030  #define                led                     PORTB,RB1                       ;LED 1 ligado em RB1
                      00031 
                      00032                        
                      00033                              
                      00034 ; --- Vetor de RESET ---
                      00035                                 org                     H'0000'                         ;Origem no ender
                            eço 0000h de memória
0000   2???           00036                                 goto            inicio                          ;Desvia do vetor de inte
                            rrupção
                      00037                                 
                      00038 ; --- Vetor de Interrupção ---
MPASM  5.51                          PIC2.ASM   9-24-2020  19:25:29         PAGE  2


LOC  OBJECT CODE     LINE SOURCE TEXT
  VALUE

                      00039                                 org                     H'0004'                         ;Todas as interr
                            upções apontam para este endereço
0004   0009           00040                                 retfie                                                  ;Retorna de inte
                            rrupção
                      00041                                 
                      00042 
                      00043 ; --- Programa Principal ---                            
0005                  00044 inicio:
0005   1683           00045                                 bank1
0006   30FD           00046                                 movlw           H'FD'                           ;W = B'11111101'
Message[302]: Register in operand not in bank 0.  Ensure that bank bits are correct.
0007   0086           00047                                 movwf           TRISB                           ;TRISB = H'F5' configura
                             RB1 e RB3 como saída
0008   1283           00048                                 bank0                                                           ;selecio
                            na o banco 0 de memória (padrão do RESET)
0009   30FD           00049                                 movlw           H'FD'                           ;W = B'11111101'
000A   0086           00050                                 movwf           PORTB                           ;LEDs iniciam desligados
                      00051                                 
000B                  00052 loop:                                                                                   ;Loop infinito
                      00053 
000B   1486           00054                                 bsf                     led                                     ;liga LE
                            D
000C   2???           00055                                 call            delay500ms                      ;chama sub rotina
000D   1086           00056                                 bcf                     led                                     ;desliga
                             LED
000E   2???           00057                                 call            delay500ms                      ;chama sub rotina
                      00058 
000F   2???           00059                                 goto            loop                            ;volta para label loop
                      00060                                 
0010                  00061 delay500ms:
0010   30FA           00062                                 movlw           D'250'                          ;Move o valor para W
0011   008C           00063                                 movwf           H'0C'
0012                  00064 auxGeral:
                      00065                                 
                      00066                         
                      00067                                 
0012   30FA           00068                                 movlw           D'250'                          ;       
0013   008D           00069                                 movwf           H'0D'                           ;2us
                      00070                                 
0014                  00071 aux:                    
0014   0000           00072                                 nop             
Message[305]: Using default destination of 1 (file).
0015   0B8D           00073                                 decfsz          H'0D'
0016   2???           00074                                 GOTO            aux                                     ;+1000us
                      00075                         
                      00076                                 
0017   30FA           00077                                 movlw           D'250'                          
0018   008D           00078                                 movwf           H'0D'                           
                      00079                                 
0019                  00080 aux1:                   
0019   0000           00081                                 nop
Message[305]: Using default destination of 1 (file).
001A   0B8D           00082                                 decfsz          H'0D'
MPASM  5.51                          PIC2.ASM   9-24-2020  19:25:29         PAGE  3


LOC  OBJECT CODE     LINE SOURCE TEXT
  VALUE

001B   2???           00083                                 GOTO            aux1                            ;+1002us
                      00084                                 
Message[305]: Using default destination of 1 (file).
001C   0B8C           00085                                 decfsz          H'0C'
001D   2???           00086                                 GOTO            auxGeral                        ; 250 * (3 + 2004 )= 501
                            ,750 +2 do mov 0C
                      00087                                 
001E   0008           00088                                 return
                      00089                                 
3FF1                  00090                                 end
MPASM  5.51                          PIC2.ASM   9-24-2020  19:25:29         PAGE  4


SYMBOL TABLE
  LABEL                             VALUE 

C                                 00000000
DC                                00000001
EEADR                             00000009
EECON1                            00000088
EECON2                            00000089
EEDATA                            00000008
EEIE                              00000006
EEIF                              00000004
F                                 00000001
FSR                               00000004
GIE                               00000007
INDF                              00000000
INTCON                            0000000B
INTE                              00000004
INTEDG                            00000006
INTF                              00000001
IRP                               00000007
NOT_PD                            00000003
NOT_RBPU                          00000007
NOT_TO                            00000004
OPTION_REG                        00000081
PCL                               00000002
PCLATH                            0000000A
PORTA                             00000005
PORTB                             00000006
PS0                               00000000
PS1                               00000001
PS2                               00000002
PSA                               00000003
RA0                               00000000
RA1                               00000001
RA2                               00000002
RA3                               00000003
RA4                               00000004
RB0                               00000000
RB1                               00000001
RB2                               00000002
RB3                               00000003
RB4                               00000004
RB5                               00000005
RB6                               00000006
RB7                               00000007
RBIE                              00000003
RBIF                              00000000
RD                                00000000
RP0                               00000005
RP1                               00000006
STATUS                            00000003
T0CS                              00000005
T0IE                              00000005
T0IF                              00000002
T0SE                              00000004
TMR0                              00000001
MPASM  5.51                          PIC2.ASM   9-24-2020  19:25:29         PAGE  5


SYMBOL TABLE
  LABEL                             VALUE 

TMR0IE                            00000005
TMR0IF                            00000002
TRISA                             00000085
TRISA0                            00000000
TRISA1                            00000001
TRISA2                            00000002
TRISA3                            00000003
TRISA4                            00000004
TRISB                             00000086
TRISB0                            00000000
TRISB1                            00000001
TRISB2                            00000002
TRISB3                            00000003
TRISB4                            00000004
TRISB5                            00000005
TRISB6                            00000006
TRISB7                            00000007
W                                 00000000
WR                                00000001
WREN                              00000002
WRERR                             00000003
Z                                 00000002
_CONFIG                           00002007
_CP_OFF                           00003FFF
_CP_ON                            0000000F
_DEVID1                           00002006
_FOSC_EXTRC                       00003FFF
_FOSC_HS                          00003FFE
_FOSC_LP                          00003FFC
_FOSC_XT                          00003FFD
_HS_OSC                           00003FFE
_IDLOC0                           00002000
_IDLOC1                           00002001
_IDLOC2                           00002002
_IDLOC3                           00002003
_LP_OSC                           00003FFC
_PWRTE_OFF                        00003FFF
_PWRTE_ON                         00003FF7
_RC_OSC                           00003FFF
_WDTE_OFF                         00003FFB
_WDTE_ON                          00003FFF
_WDT_OFF                          00003FFB
_WDT_ON                           00003FFF
_XT_OSC                           00003FFD
__16F84A                          00000001
__DEBUG                           1
aux                               00000014
aux1                              00000019
auxGeral                          00000012
bank0                             bcf     STATUS,RP0
bank1                             bsf STATUS,RP0
delay500ms                        00000010
inicio                            00000005
MPASM  5.51                          PIC2.ASM   9-24-2020  19:25:29         PAGE  6


SYMBOL TABLE
  LABEL                             VALUE 

led                               PORTB,RB1
loop                              0000000B

Errors   :     0
Warnings :     0 reported,     0 suppressed
Messages :     4 reported,     0 suppressed

